// Jest Snapshot v1, https://goo.gl/fbAQLP

exports[`generates a cave at seed 0 1`] = `
"██████████████████████████████████████████████████
██████████     ███████████       █████████████████
█████████/      █████████         ████████████████
██████████      ████████          ████████████████
███████████    ██*   ███* █████  █████████████████
████████████   ██     █████████  █████████████████
████████████          ████████    ████████████████
█████████████    ███  ███████     ████████████████
█████████████    ████  █████     *████████████████
████████████      ███          ███████████████████
████████████      ████        ████████████████*███
████████████      █████      ████████████████   *█
████████████       ████████  ████████████████    █
█████████████      ████████  ████████████████    █
█████████████       ███████  ███████████████     █
████████████         ██████  █████████████       █
█████████*    ███     █████ █████████████       ██
██████████   █████     ███  █████████████       ██
███████████████████         ██  ███████          █
█████████████████████            █████       ██ *█
██████████████████████           █████       █████
████████████████████████    ██     ████      █████
█████████*  *█████████████████       ███████ █████
█████████    █████████████████        ██████  ████
█████████    ██    ██    ██████               ████
█████████   ██            █████*█████         ████
█████████   ██             ████ █████   ██     ███
█████████             ██    ██   ███    █████  *██
██████████    ███████████   ██   ███    ██████*███
██████████   ██████████████      ██     ██████████
█████████    ████████    ██             ██████████
█████████       ████               ██  ███████████
█████████*      *██         ██*██  ██  ███████████
████████████  ████          █████      ███████████
██████████████████      ██  █████     ████████████
██████████████████     ████  ████    █████████████
███████████████████   █████   ████  ██████████████
████████████████████████████  ████████████████████
████████████████████████████  ████████████████████
████████████████████████████   ███████████████████
█████████████████████████████ *███████████████████
██████████████████████████████████████████████████
██████████████████████████████████████████████████
██████████████████████████████████████████████████
██████████████████████████████████████████████████
██████████████████████████████████████████████████
██████████████████████████████████████████████████
██████████████████████████████████████████████████
██████████████████████████████████████████████████
██████████████████████████████████████████████████"
`;

exports[`generates a cave at seed 38361 1`] = `
"██████████████████████████████████████████████████
████████████████████         █████ /██████████████
███████████████████           ███   ██████████████
██████████████████             █     ██  █████████
██████████████████   ████        ██       ████████
██████████████████   ████   ██   ███      ████████
██████████████████* ████    ██    █████    ███████
████████████████████████   ████   ███████ *███████
███████████████████████  ██████   ███*████████████
███████████     ██████*  ███      ██   ███████████
██████████          ███*███       ██   ███████████
██████████           ██████       ██  ████████████
█████████    ██       █████       ██  ████████████
████████   ████   █              ███  ████████████
███████    ████   ██            ███    ███████████
██████    ████    ██████    █  ██       ██████████
██████   █████    ███████  █████        ██████████
█████   ██████    ███████  █████         █████████
██*     ███  ██  *██████    █████    ██   ████████
██            █████████      ████  █████  ████████
███           ████████       ███  ██████  ████████
███    ██       ██       ██       ██████     █████
██   ████  ██            ████    ██████       ████
█    ████  ████    ██    ████   █████           *█
█      ██   ███    ███         █████       ████ *█
██          ███   ███████      █████    ██████████
███         ███   ████████      ████    ██████████
█████        ██   ████████████   ███    ███   ████
█████   ██   ██   █████████████  ███   ███      *█
█████   ███       ████████*████  ███   ███       █
██████   ███       ██████   ██    ██    █     █*██
███████   ██* ██     ████   ██    ███      ███████
███████   ██████      ███   ██    ███      ███████
███████   █████       ██    ██     █      *███████
███████   █████* ██   ██   ████        ███████████
███████   █████████        █████       ███████████
██  ███* ██████████       ███████     ████████████
█    ██████████████      █████████████████████████
█*   █████  ████████     █████████████████████████
███    ██    ████████    █████    ██    ██████████
████         █████████  ███              █████████
█████        █████████  ██           █   █████████
██████       █████  ██      ██      ███    ███████
█████████                  ███      ███    *██████
█████████                ███*      ███     ███████
██████████      ████     ███*     ████* ██████████
███████████████████████  █████████████████████████
███████████████████████   ████████████████████████
███████████████████████* *████████████████████████
██████████████████████████████████████████████████"
`;

exports[`generates a cave at seed 66335 1`] = `
"██████████████████████████████████████████████████
██████████████████████████████████████████████████
██████████████████████████████████████████████████
██████████████████████████████████████████████████
██████████████████████████████████████████████████
██████████████████████████████████████████████████
██████████████████████████████████████████████████
███████████    ███████████████████████████████████
██████████      ██████████████████████████████████
█████████          ███████████████████████████████
████████    ██      ██████████████████████████████
███████     ███      █████████████████████████████
██████      ██████    ████████████████████████████
██████  ██  ███████   ████████████████████████████
██████/███  ███████   ████████████████████████████
██████*███   █████    ████████████████████████████
██*    ██     ███     ████████████████████████████
██     ██*     ██     *███████████████████████████
███    █████   ███    ████████████████████████████
███   ███████  ███████████████████████████████████
███   ███████  ███████████████████████████████████
██    ██████    ██████████████████████████████████
█*   ███████    ██████████████████████████████████
██   ██████    ███████████████████████████████████
███  █       █████████████████████████████████████
███         ██████████████████████████████████████
███         ██████████████████████████████████████
███    ██   ██████████████████████████████████████
████  ████*███████████████████████████████████████
████  ████████*███████████████████████████████████
████   ██████   ██████████████████████████████████
████   ██████   ██████████████████████████████████
████    *████   ██████████████████████████████████
█*       ███    ██████████████████████████████████
█        ███    ████████   ███████████████████████
█        ███    ███████     ██████████████████████
██  ██   ███    █████         ████████████████████
███████  ███    ████           ███████████████████
███████  ███     ███           ███████*███████████
███████   ██          █████       ███   ██████████
███████        ██    ██████        ██   ██████████
████████       ██    ██████        ██   ██████████
█████████*██    █      ████             ██████████
████████████    █       ████  █████     ██████████
████████████    ██       ███  ██████    ██████████
█████████████  ██████    ███   █████    ██████████
██████████████████████   ████          ███████████
██████████████████████    ███        █████████████
███████████████████████  *███*    ████████████████
██████████████████████████████████████████████████"
`;
