// Jest Snapshot v1, https://goo.gl/fbAQLP

exports[`generates some terrain 1`] = `
Array [
  "SnowyMountain",
  "DeepWater",
  "DeepWater",
  "DeepWater",
  "DeepWater",
  "DeepWater",
  "DeepWater",
  "DeepWater",
  "DeepWater",
  "DeepWater",
  "DeepWater",
  "DeepWater",
  "DeepWater",
  "DeepWater",
  "DeepWater",
  "DeepWater",
  "DeepWater",
  "DeepWater",
  "DeepWater",
  "DeepWater",
  "DeepWater",
  "DeepWater",
  "DeepWater",
  "DeepWater",
  "DeepWater",
  "DeepWater",
  "DeepWater",
  "DeepWater",
  "DeepWater",
  "DeepWater",
]
`;

exports[`has consistent features 1`] = `
Array [
  0.9999999999999998,
  0.5692486381416002,
  0,
  0,
  0.9999999999999998,
  0.9999999999999998,
  0.31573353899508816,
  0,
  0.9999999999999998,
  0.1482383166817639,
  0,
  0,
  0,
  0.48252593447633446,
  0,
  0.0974065349855921,
  0.9999999999999998,
  0.9999999999999998,
  0.30107490828317385,
  0.0890834773195191,
  0.6007595903448548,
  0.9999999999999998,
  0.5632084572883175,
  0.3692563484230739,
  0,
  0.9999999999999998,
  0.12452331880294365,
  0.9999999999999998,
  0.059478670218107266,
  0.9999999999999998,
]
`;
