// Jest Snapshot v1, https://goo.gl/fbAQLP

exports[`has the same perlin results as .net 1`] = `
Array [
  0.15051893273369998,
  0.1358378323433078,
  0.12111284006069127,
  0.10714938081818756,
  0.09482144367274355,
  0.08507158180591605,
  0.07849762872395467,
  0.07164112578630137,
  0.06378286587358317,
  0.0552470114311219,
  0.0462945860424161,
  0.03712347442914019,
  0.02786842245114511,
  0.018601037106458284,
  0.009329786531283205,
  0,
  -0.008952971355287062,
  -0.017756530973588543,
  -0.027280669802972012,
  -0.03809382441738114,
  -0.05046287701663581,
  -0.06435315542643202,
  -0.07942843309834188,
  -0.09505092910981376,
  -0.110281308164172,
  -0.12398248438839508,
  -0.13610736529508502,
  -0.14737914491638404,
  -0.1583748269310998,
  -0.16950533281833757,
]
`;
