// Jest Snapshot v1, https://goo.gl/fbAQLP

exports[`generates some terrain 1`] = `
Array [
  "ColdParklands",
  "SnowyHill",
  "SnowyHill",
  "ColdParklands",
  "SnowyHill",
  "SnowyHill",
  "ConiferousForests",
  "ConiferousForests",
  "ConiferousForests",
  "ColdParklands",
  "ConiferousForests",
  "ConiferousForests",
  "ConiferousForests",
  "ColdParklands",
  "ColdParklands",
  "ColdParklands",
  "ColdParklands",
  "ColdParklands",
  "ColdParklands",
  "ColdParklands",
  "ColdParklands",
  "ColdParklands",
  "ColdParklands",
  "ColdParklands",
  "ColdParklands",
  "ColdParklands",
  "ColdParklands",
  "ColdParklands",
  "ColdParklands",
  "ColdParklands",
]
`;

exports[`has consistent features 1`] = `
Array [
  0.794343797751154,
  0.5086951366258637,
  0.6395957121588287,
  0.868829739531859,
  0.5440129208489715,
  0.022444073871053627,
  0.8801526556778119,
  0.4489541479594801,
  0.1836638359696519,
  0.7758772819432314,
  0.3766243820746598,
  0.48306262761856306,
  0.6614045371808576,
  0.3107615648480544,
  0.3110807945055961,
  0.8164891342517362,
  0.39621496926485733,
  0.6319539654619748,
  0.8045124626795328,
  0.6922750328825203,
  0.3861697015861183,
  0.6666820818736405,
  0.6865965040396027,
  0.567648467516858,
  0.7241363502995355,
  0.6544375129016861,
  0.47629643737418986,
  0.8809240451673739,
  0.048127149428413174,
  0.6126318630234863,
]
`;
