// Jest Snapshot v1, https://goo.gl/fbAQLP

exports[`generates some terrain 1`] = `
"██████████████████████████████████████████████████
█████████████  █████    █████   ██████████████████
████████████   ████      ████   █████   ██████████
█  ███   ████ ████    █ ███████████    ███████  ██
██ █      ███████       ██████████    ███████   ██
███       ███████        █    █       ███ ██    ██
███       ███████                          ██   ██
███      ████  ██        ███              ██     █
██      ████████         ████   ██        ██    ██
██     █████████         ████   ██   ██   ██  ████
███    ███  ████   ████  ████   ███       ████████
███    ██    ███  █████  ███     ██       ████████
██ █   ███   ████  ███   ███               ███████
█  ██   ██████████████  ████     ██        ███████
█  ██     █████████████████   ██████          ████
█  █      ███████████████    ███████           ███
███       ██████████████  ██████████           ███
███       ███████   ████████████████       ██   ██
██            ██    ████████████████       ██    █
█                    ███████████████   ██   █    █
█              ████   ██████   █  ██   ██   ██   █
█             █████                   ███   ██  ██
█             ████                    ██   ██    █
█              ████                        ██    █
█  ██  █  ██  ████████      ███             ███  █
███████████████████████    █████████     █   █████
████████████████████████████████████   ████  █████
███████████          ██████   ███████ █████   ████
██████████           █████       ████ ███       ██
██   ████         █████████      ██             ██
█     ███  ██ █████████████     ██            ████
█     ██  ████  ███████████     █             ████
█        █████  ██  ███████    █   █████  ████████
█        ████        ██████   ███ █████████████  █
█        ████           ████ ███████████████ ██  █
█        ████           ████  █████████████   █  █
█        █████ ██      █████      ████████      ██
█  ██ ██  ███████     ██████       ███████     ███
███  ███   ██████     ██  ██        ██████      ██
███   █    █████          ███                   ██
██         █████         █████                 ███
██    █   █████      █████████                ████
███████   █████      ██████████             ██████
██████    ██  █      ████ ██████            ██████
███                    ██  █████          ██    ██
█                 █     █  █████   █    ███     ██
█                ███     ███████        ███     ██
██████        ██████     █████████      ██       █
█████████    ████████    ███████████   ███      ██
██████████████████████████████████████████████████"
`;
